ASxxxx Linker V03.00 + NoICE + sdld,  page 1.
Hexadecimal  [32-Bits]

Area                                    Addr        Size        Decimal Bytes (Attributes)
--------------------------------        ----        ----        ------- ----- ------------
.  .ABS.                            00000000    00000000 =           0. bytes (ABS,CON)

      Value  Global                              Global Defined In Module
      -----  --------------------------------   ------------------------
     00000000  .__.ABS.                           _strlen
     00000000  l_CABS                          
     00000000  l_DABS                          
     00000000  l_DATA                          
     00000000  l__CODE                         
     00000000  s_CABS                          
     00000000  s_DABS                          
     00000000  s__CODE                         
     00000001  l_SSEG                          
     00000001  s_DATA                          
     00000001  s_INITIALIZED                   
     00000003  l_GSFINAL                       
     00000007  l_INITIALIZED                   
     00000007  l_INITIALIZER                   
     00000008  s_SSEG                          
     0000001A  l_GSINIT                        
     00000043  l_HOME                          
     00000073  l_CONST                         
     0000083D  l_CODE                          
     00008000  s_HOME                          
     00008043  s_GSINIT                        
     0000805D  s_GSFINAL                       
     00008060  s_CONST                         
     000080D3  s_INITIALIZER                   
     000080DA  s_CODE                          

ASxxxx Linker V03.00 + NoICE + sdld,  page 2.
Hexadecimal  [32-Bits]

Area                                    Addr        Size        Decimal Bytes (Attributes)
--------------------------------        ----        ----        ------- ----- ------------
INITIALIZED                         00000001    00000007 =           7. bytes (REL,CON)

      Value  Global                              Global Defined In Module
      -----  --------------------------------   ------------------------
     00000001  _ir_state                          main
     00000002  _ir_data                           main
     00000006  _ir_bit_count                      main
     00000007  _ir_data_ready                     main

ASxxxx Linker V03.00 + NoICE + sdld,  page 3.
Hexadecimal  [32-Bits]

Area                                    Addr        Size        Decimal Bytes (Attributes)
--------------------------------        ----        ----        ------- ----- ------------
SSEG                                00000008    00000001 =           1. bytes (REL,CON)

      Value  Global                              Global Defined In Module
      -----  --------------------------------   ------------------------
ASxxxx Linker V03.00 + NoICE + sdld,  page 4.
Hexadecimal  [32-Bits]

Area                                    Addr        Size        Decimal Bytes (Attributes)
--------------------------------        ----        ----        ------- ----- ------------
HOME                                00008000    00000043 =          67. bytes (REL,CON)

      Value  Global                              Global Defined In Module
      -----  --------------------------------   ------------------------
ASxxxx Linker V03.00 + NoICE + sdld,  page 5.
Hexadecimal  [32-Bits]

Area                                    Addr        Size        Decimal Bytes (Attributes)
--------------------------------        ----        ----        ------- ----- ------------
GSINIT                              00008043    0000001A =          26. bytes (REL,CON)

      Value  Global                              Global Defined In Module
      -----  --------------------------------   ------------------------
ASxxxx Linker V03.00 + NoICE + sdld,  page 6.
Hexadecimal  [32-Bits]

Area                                    Addr        Size        Decimal Bytes (Attributes)
--------------------------------        ----        ----        ------- ----- ------------
GSFINAL                             0000805D    00000003 =           3. bytes (REL,CON)

      Value  Global                              Global Defined In Module
      -----  --------------------------------   ------------------------
ASxxxx Linker V03.00 + NoICE + sdld,  page 7.
Hexadecimal  [32-Bits]

Area                                    Addr        Size        Decimal Bytes (Attributes)
--------------------------------        ----        ----        ------- ----- ------------
CONST                               00008060    00000073 =         115. bytes (REL,CON)

      Value  Global                              Global Defined In Module
      -----  --------------------------------   ------------------------
ASxxxx Linker V03.00 + NoICE + sdld,  page 8.
Hexadecimal  [32-Bits]

Area                                    Addr        Size        Decimal Bytes (Attributes)
--------------------------------        ----        ----        ------- ----- ------------
INITIALIZER                         000080D3    00000007 =           7. bytes (REL,CON)

      Value  Global                              Global Defined In Module
      -----  --------------------------------   ------------------------
ASxxxx Linker V03.00 + NoICE + sdld,  page 9.
Hexadecimal  [32-Bits]

Area                                    Addr        Size        Decimal Bytes (Attributes)
--------------------------------        ----        ----        ------- ----- ------------
CODE                                000080DA    0000083D =        2109. bytes (REL,CON)

      Value  Global                              Global Defined In Module
      -----  --------------------------------   ------------------------
     000080DA  _USART1_Init                       main
     000080EF  _putchar                           main
     00008105  _TIM2_Init                         main
     00008112  _IR_GPIO_Init                      main
     00008123  _EXTI_PORTD_IRQHandler             main
     00008229  _TIM2_Update_IRQHandler            main
     00008240  _main                              main
     000082B8  _puts                              puts
     000082D9  _vprintf                           vprintf
     000082EC  _printf                            vprintf
     0000838C  __print_format                     printf_large
     0000890A  _strlen                            _strlen
ASxxxx Linker V03.00 + NoICE + sdld,  page 10.

Files Linked                              [ module(s) ]

build/main.rel                            [ main ]


Libraries Linked                          [ object file ]

/usr/bin/../share/sdcc/lib/stm8/stm8.lib  [ puts.rel ]
/usr/bin/../share/sdcc/lib/stm8/stm8.lib  [ vprintf.rel ]
/usr/bin/../share/sdcc/lib/stm8/stm8.lib  [ printf_large.rel ]
/usr/bin/../share/sdcc/lib/stm8/stm8.lib  [ _strlen.rel ]

ASxxxx Linker V03.00 + NoICE + sdld,  page 11.

User Base Address Definitions

HOME = 0x8000
DATA = 0x0001

